2026-08-09 02:35:10,769 - INFO - Обработка файла начата: input_data/Тестовое_задание.xlsx
2026-08-09 02:35:10,823 - INFO - Загружено строк: 1200
2026-08-09 02:35:10,823 - INFO - Найдено строк с дублирующимися ID: 16
2026-08-09 02:35:10,868 - INFO - Обработка завершена. Корректных строк: 1136, ошибочных строк: 64
2026-08-09 02:35:10,868 - INFO - Ошибка: Отрицательная сумма — 7 шт.
2026-08-09 02:35:10,868 - INFO - Ошибка: Дубликат ID заказа — 16 шт.
2026-08-09 02:35:10,868 - INFO - Ошибка: Некорректная сумма — 6 шт.
2026-08-09 02:35:10,868 - INFO - Ошибка: Пустая сумма — 6 шт.
2026-08-09 02:35:10,868 - INFO - Ошибка: Пустой мастер — 9 шт.
2026-08-09 02:35:10,868 - INFO - Ошибка: Некорректная дата — 10 шт.
2026-08-09 02:35:10,868 - INFO - Ошибка: Неоднозначный статус — 7 шт.
2026-08-09 02:35:10,868 - INFO - Ошибка: Неизвестное значение рекламации — 3 шт.
2026-08-09 02:35:10,868 - INFO - Отчёт по мастерам сформирован. Мастеров: 15
2026-08-09 02:35:10,889 - INFO - Файл отчёта успешно создан: report.xlsx
2026-08-09 02:35:11,387 - INFO - Telegram-уведомление отправлено

2026-08-09 12:03:52,220 - INFO - Обработка файла начата: uploads\Тестовое_задание.xlsx
2026-08-09 12:03:52,373 - INFO - Загружено строк: 1200
2026-08-09 12:03:52,378 - INFO - Найдено строк с дублирующимися ID: 16
2026-08-09 12:03:52,516 - INFO - Обработка завершена. Корректных строк: 1136, ошибочных строк: 64
2026-08-09 12:03:52,516 - INFO - Ошибка: Отрицательная сумма — 7 шт.
2026-08-09 12:03:52,516 - INFO - Ошибка: Дубликат ID заказа — 16 шт.
2026-08-09 12:03:52,516 - INFO - Ошибка: Некорректная сумма — 6 шт.
2026-08-09 12:03:52,516 - INFO - Ошибка: Пустая сумма — 6 шт.
2026-08-09 12:03:52,516 - INFO - Ошибка: Пустой мастер — 9 шт.
2026-08-09 12:03:52,516 - INFO - Ошибка: Некорректная дата — 10 шт.
2026-08-09 12:03:52,516 - INFO - Ошибка: Неоднозначный статус — 7 шт.
2026-08-09 12:03:52,516 - INFO - Ошибка: Неизвестное значение рекламации — 3 шт.
2026-08-09 12:03:52,517 - INFO - Отчёт по мастерам сформирован. Мастеров: 15
2026-08-09 12:03:52,566 - INFO - Файл отчёта успешно создан: output\report_cc220219.xlsx
2026-08-09 12:03:53,233 - INFO - Telegram-уведомление отправлено
